SQL> SELECT SQRT(32)
  2  FROM DUAL;

  SQRT(32)                                                                      
----------                                                                      
5.65685425                                                                      

SQL> SELECT LENGTH(A)
  2  FROM ASIGNATURA;

 LENGTH(A)                                                                      
----------                                                                      
        13                                                                      
        23                                                                      
        18                                                                      
        16                                                                      
        18                                                                      
         7                                                                      
         7                                                                      
        12                                                                      
        18                                                                      
        10                                                                      
        25                                                                      

 LENGTH(A)                                                                      
----------                                                                      
        17                                                                      

12 rows selected.

SQL> SELECT SYSDATE - TO_DATE('13-DEC-1994') AS DIAS
  2  FROM DUAL;

      DIAS                                                                      
----------                                                                      
8737.57564                                                                      

SQL> SELECT ROUND(SYSDATE - TO_DATE('13-DEC-1994')) AS DIAS
  2  FROM DUAL;

      DIAS                                                                      
----------                                                                      
      8738                                                                      

SQL> SELECT A
  2  FROM ASIGNATURA NATURAL JOIN AREA
  3  WHERE AR LIKE 'A%';

A                                                                               
--------------------------------------------------                              
ALGEBRA                                                                         
ANALISIS COMPLEJO                                                               
ASTRONOMIA                                                                      

SQL> SPOOL OFF
SQL> spool
currently spooling to pract5.lst
SQL> SELECT A
  2  FROM ASIGNATURA NATURAL JOIN AREA
  3  WHERE AR LIKE 'A%';

A                                                                               
--------------------------------------------------                              
ALGEBRA                                                                         
ANALISIS COMPLEJO                                                               
ASTRONOMIA                                                                      

SQL> SELECT A
  2  FROM ASIGNATURA NATURAL JOIN AREA
  3  WHERE AR LIKE '%A';

A                                                                               
--------------------------------------------------                              
ALGEBRA                                                                         
ASTRONOMIA                                                                      
ENSEANZA DE LA MATEMATICA                                                       
OPTIMIZACION                                                                    
CALCULO                                                                         

SQL> SELECT A FROM ASIGNATURA WHERE A LIKE '%DATOS%';

A                                                                               
--------------------------------------------------                              
BASE DE DATOS                                                                   
ALMACENES DE DATOS                                                              
MINERIA DE DATOS                                                                

SQL> SELECT DNI
  2  FROM PROFESOR
  3  WHERE P LIKE '__R%'
  4  ;

       DNI                                                                      
----------                                                                      
      2222                                                                      
      4444                                                                      
      6666                                                                      
      7777                                                                      
      4040                                                                      
      5050                                                                      

6 rows selected.

SQL> SELECT DNI
  2  FROM PROFESOR
  3  WHERE P NOT LIKE '_____%';

       DNI                                                                      
----------                                                                      
      1111                                                                      
      5555                                                                      

SQL> WHERE P NOT LIKE '____%';
SP2-0734: unknown command beginning "WHERE P NO..." - rest of line ignored.
SQL> SELECT DNI
  2  FROM PROFESOR
  3  WHERE P NOT LIKE '____%';

no rows selected

SQL> SELECT DNI
  2  FROM PROFESOR
  3  WHERE P NOT LIKE '______%';

       DNI                                                                      
----------                                                                      
      1111                                                                      
      3333                                                                      
      4444                                                                      
      5555                                                                      
      7777                                                                      
      1010                                                                      

6 rows selected.

SQL> SELECT DISTINCT DNI
  2  FROM PROFESOR
  3  WHERE P LIKE '____%'
  4  ;

       DNI                                                                      
----------                                                                      
      1111                                                                      
      2222                                                                      
      3333                                                                      
      4444                                                                      
      5555                                                                      
      6666                                                                      
      7777                                                                      
      8888                                                                      
      9999                                                                      
      1010                                                                      
      2020                                                                      

       DNI                                                                      
----------                                                                      
      3030                                                                      
      4040                                                                      
      5050                                                                      

14 rows selected.

SQL> SELECT DISTINCT DNI
  2  FROM PROFESOR
  3  WHERE P LIKE '_____%'
  4  ;

       DNI                                                                      
----------                                                                      
      2222                                                                      
      3333                                                                      
      4444                                                                      
      6666                                                                      
      7777                                                                      
      8888                                                                      
      9999                                                                      
      1010                                                                      
      2020                                                                      
      3030                                                                      
      4040                                                                      

       DNI                                                                      
----------                                                                      
      5050                                                                      

12 rows selected.

SQL> SELECT DISTICNT P
  2  FROM PROFESOR NATURAL JOIN PLAN_DOCENTE
  3  WHERE FF IS NULL;
SELECT DISTICNT P
       *
ERROR at line 1:
ORA-00904: "DISTICNT": invalid identifier 


SQL> SELECT DISTINCT P
  2  FROM PROFESOR NATURAL JOIN PLAN_DOCENTE
  3  WHERE FF IS NULL;

P                                                                               
------------------------------------------------------------                    
MARIO                                                                           
JUAN                                                                            
PEDRO                                                                           
FRANCISCO                                                                       
SOLEDAD                                                                         
DAVID                                                                           
CARLOS                                                                          
IVAN                                                                            
MARIA                                                                           
JOSE MANUEL                                                                     
ANGELA                                                                          

11 rows selected.

SQL> SELECT DISTINCT P
  2  FROM PLAN_DOCENTE NATURAL JOIN PROFESOR
  3  WHERE CAS=8;

P                                                                               
------------------------------------------------------------                    
JUAN                                                                            
JOSE MANUEL                                                                     

SQL> SELECT * FROM PLAN_DOCENTE
  2  ORDER BY FF;

       DNI        CAS        CTA        CPA        CLA FI        FF             
---------- ---------- ---------- ---------- ---------- --------- ---------      
      2222          3        1.5          0        1.5 01-SEP-06 31-AUG-07      
      1010          2        1.5        1.5          3 01-SEP-05 31-AUG-08      
      1010          9          3          0          3 01-SEP-08 31-AUG-09      
      1111          8          3        1.5        1.5 01-SEP-07 31-AUG-09      
      4444          4        1.5          0        1.5 01-SEP-08 31-AUG-10      
      6666         10          3        1.5        1.5 01-SEP-08 31-AUG-11      
      1010          9        1.5          0        1.5 01-SEP-09                
      9999          7          3          3          0 01-SEP-10                
      5555          6          3          3          0 31-MAR-10                
      8888         11          6          0          0 01-SEP-09                
      2020          3        1.5          0        1.5 01-SEP-08                

       DNI        CAS        CTA        CPA        CLA FI        FF             
---------- ---------- ---------- ---------- ---------- --------- ---------      
      7777         12        4.5          3          0 01-SEP-10                
      3333          9        1.5          0        1.5 01-SEP-09                
      2222          4        1.5          0        1.5 01-SEP-09                
      3030          8          0        1.5        1.5 01-SEP-09                
      1111          8          3          0          0 01-SEP-09                
      4444          5          3          0          0 01-SEP-10                
      4444          1          3        1.5        1.5 01-SEP-11                
      3333          2        1.5        1.5          3 01-SEP-08                

19 rows selected.

SQL> SPOOL OFF
