SQL> DELETE FROM PROFESOR
  2  WHERE DNI=4040;

1 row deleted.

SQL> DELETE FROM PROFESOR
  2  WHERE DNI=5050;

1 row deleted.

SQL> COMMIT WORK
  2  ;

Commit complete.

SQL> INSERT INTO PROFESOR
  2  VALUES(4040,'CARMELO',7,'TU');

1 row created.

SQL> COMMIT WORK;

Commit complete.

SQL> SELECT *
  2  
SQL> INSERT INTO PROFESOR
  2  VALUES (5050,'CARINA',9,'CEU');
INSERT INTO PROFESOR
*
ERROR at line 1:
ORA-02291: integrity constraint (ALU0100830200.SYS_C0022814) violated - parent 
key not found 


SQL> SELECT *
  2  FROM AREA;

       CAR AR                                                                   
---------- ------------------------------------------------------------         
        CD                                                                      
----------                                                                      
         1 ALGEBRA                                                              
         4                                                                      
                                                                                
         2 ANALISIS MATEMATICO                                                  
         1                                                                      
                                                                                
         3 ASTRONOMIA Y ASTROFISICA                                             
         2                                                                      
                                                                                

       CAR AR                                                                   
---------- ------------------------------------------------------------         
        CD                                                                      
----------                                                                      
         4 CIENCIAS DE LA COMPUTACION E INTELIGENCIA ARTIFICIAL                 
         3                                                                      
                                                                                
         5 DIDACTICA DE LA MATEMATICA                                           
         1                                                                      
                                                                                
         6 ESTADISTICA E INVESTIGACION OPERATIVA                                
         3                                                                      
                                                                                

       CAR AR                                                                   
---------- ------------------------------------------------------------         
        CD                                                                      
----------                                                                      
         7 LENGUAJES Y SISTEMAS INFORMATICOS                                    
         3                                                                      
                                                                                
         8 MATEMATICA APLICADA                                                  
         1                                                                      
                                                                                

8 rows selected.

SQL> SET LINESIZE 100
SQL> SELECT *
  2  FROM AREA;

       CAR AR                                                                   CD                  
---------- ------------------------------------------------------------ ----------                  
         1 ALGEBRA                                                               4                  
         2 ANALISIS MATEMATICO                                                   1                  
         3 ASTRONOMIA Y ASTROFISICA                                              2                  
         4 CIENCIAS DE LA COMPUTACION E INTELIGENCIA ARTIFICIAL                  3                  
         5 DIDACTICA DE LA MATEMATICA                                            1                  
         6 ESTADISTICA E INVESTIGACION OPERATIVA                                 3                  
         7 LENGUAJES Y SISTEMAS INFORMATICOS                                     3                  
         8 MATEMATICA APLICADA                                                   1                  

8 rows selected.

SQL> !echo "El codigo de area solo se encuentra de 1-8, por eso da error al introducirlo"

SQL> INSERT INTO PROFESOR
  2  VALUES (5050,'CARINA',8,'CEU');

1 row created.

SQL> commit work;

Commit complete.

SQL> DELETE FROM PLAN_DOCENTE
  2  WHERE *;
WHERE *
      *
ERROR at line 2:
ORA-00936: missing expression 


SQL> TRUNCATE TABLE PLAN_DOCENTE;

Table truncated.

SQL> ROLLBACK;

Rollback complete.

SQL> DELETE FROM PLAN_DOCENTE
  2  WHERE DNI=4444;

0 rows deleted.

SQL> SELECT *
  2  FROM PLAN_DOCENTE;

no rows selected

SQL> ROLLBACK;

Rollback complete.

SQL> SELECT *
  2  FROM PLAN_DOCENTE;

no rows selected

SQL> INSERT INTO PLAN_DOCENTE
  2  VALUES(4444,1,3,1.5,1.5,"01-SEP-11",NULL);
VALUES(4444,1,3,1.5,1.5,"01-SEP-11",NULL)
                        *
ERROR at line 2:
ORA-00984: column not allowed here 


SQL> INSERT INTO PLAN_DOCENTE
  2  VALUES(4444,1,3,1.5,1.5,01-SEP-11,NULL);
VALUES(4444,1,3,1.5,1.5,01-SEP-11,NULL)
                           *
ERROR at line 2:
ORA-00984: column not allowed here 


SQL> INSERT INTO PLAN_DOCENTE
  2  VALUES(4444,1,3,1.5,1.5,'01-SEP-11',NULL);

1 row created.

SQL> INSERT INTO PLAN_DOCENTE
  2  VALUES(4444,4,1.5,0,1.5,'01-SEP-08','31-AUG-10');

1 row created.

SQL> INSERT INTO PLAN_DOCENTE
  2  VALUES(4444,5,3,0,0,'01-SEP-10',NULL);

1 row created.

SQL> INSERT INTO PLAN_DOCENTE
  2  VALUES(1111,8,3,1.5,1.5,'01-SEP-07','31-AUG-09');

1 row created.

SQL> INSERT INTO PLAN_DOCENTE
  2  VALUES(1111,8,3,0,0,'01-SEP-09',NULL);

1 row created.

SQL> INSERT INTO PLAN_DOCENTE
  2  VALUES(3030,8,0,1.5,1.5,'01-SEP-09',NULL);

1 row created.

SQL> INSERT INTO PLAN_DOCENTE
  2  VALUES(2222,4,1.5,0,1.5,'01-SEP-09',NULL);

1 row created.

SQL> INSERT INTO PLAN_DOCENTE
  2  VALUES(2222,3,1.5,0,1.5,'01-SEP-06','31-AUG-07');

1 row created.

SQL> INSERT INTO PLAN_DOCENTE
  2  VALUES(1010,2,1.5,1.5,3,'01-SEP-05','31-AUG-08');

1 row created.

SQL> INSERT INTO PLAN_DOCENTE
  2  VALUES(3333,2,1.5,1.5,3,'01-SEP-08',NULL);

1 row created.

SQL> INSERT INTO PLAN_DOCENTE
  2  VALUES(1010,9,3,0,3,'01-SEP-08','31-AUG-09');

1 row created.

SQL> INSERT INTO PLAN_DOCENTE
  2  VALUES(1010,9,1.5,0,1.5,'01-SEP-09',NULL);

1 row created.

SQL> INSERT INTO PLAN_DOCENTE
  2  VALUES(9999,7,3,3,0,'01-SEP-10',NULL);

1 row created.

SQL> INSERT INTO PLAN_DOCENTE
  2  VALUES(5555,6,3,3,0,'31-MAR-10',NULL);

1 row created.

SQL> INSERT INTO PLAN_DOCENTE
  2  VALUES(6666,10,3,1.5,1.5,'01-SEP-08','31-AUG-11');

1 row created.

SQL> INSERT INTO PLAN_DOCENTE
  2  VALUES(8888,11,6,0,0,'01-SEP-09',NULL);

1 row created.

SQL> INSERT INTO PLAN_DOCENTE
  2  VALUES(2020,3,1.5,0,1.5,'01-SEP-08',NULL);

1 row created.

SQL> INSERT INTO PLAN_DOCENTE
  2  VALUES(7777,12,4.5,3,0,'01-SEP-10',NULL);

1 row created.

SQL> INSERT INTO PLAN_DOCENTE
  2  VALUES(3333,9,1.5,0,1.5,'01-SEP-09',NULL);

1 row created.

SQL> SPOOL OFF
